     1                                  bits 32 
     2                                  
     3                                  global start
     4                                   
     5                                  extern exit
     6                                  extern printf 
     7                                  extern secventa_maxima
     8                                               
     9                                               
    10                                  import exit msvcrt.dll    
    11                                  import printf msvcrt.dll
    12                                  
    13                                  
    14                                  segment data use32 public class=data
    15 00000000 0D130207FD6405111B-         sir db 13,13h,10b,7,-3,100,101b,11h,27,-1,4
    15 00000009 FF04               
    16                                      lungime_sir_const equ $-sir
    17 0000000B 0B                          lungime_sir db $-sir
    18 0000000C 25782C2000                  format_hexa db '%x, ',0
    19 00000011 00<rept>                    secv times lungime_sir_const db 0
    20 0000001C 00                          index db 0
    21 0000001D 00                          lungime db 0
    22                                  segment code use32 public class=code
    23                                      start:
    24 00000000 68[1D000000]                    push dword lungime
    25 00000005 68[1C000000]                    push dword index
    26 0000000A 68[0B000000]                    push dword lungime_sir
    27 0000000F 68[00000000]                    push dword sir
    28 00000014 E8(00000000)                    call secventa_maxima
    29 00000019 8B0D[1D000000]                  mov ecx,[lungime]
    30 0000001F 8B1D[1C000000]                  mov ebx,[index]
    31                                          
    32                                          bucla:
    33 00000025 8B83[00000000]                      mov eax,[sir+ebx]
    34 0000002B 43                                  inc ebx
    35 0000002C 50                                  push eax
    36 0000002D FF35[0C000000]                      push dword [format_hexa]
    37 00000033 FF15[00000000]                      call [printf]
    38 00000039 83C408                              add esp,4*2
    39 0000003C E2E7                                loop bucla
    40                                              
    41                                              
    42                                          
    43 0000003E 6A00                            push    dword 0      
    44 00000040 FF15[00000000]                  call    [exit]       
